
> zk-battleships-solana@1.0.0 test
> ts-mocha --timeout 500000 ./test/game.test.ts



  Play game1 to completion
      game index:  1
    ✔ Start a new game (1116ms)
    ✔ Join an existing game (696ms)
    ✔ Expect shared key hashes to be compliant (88ms)
    ✔ opening shot
    ✔ Prove hit/ miss for 32 turns (22803ms)
[35m
Player2 is the joiner![0m
[36mTurn number: [0m 33
[36mAddress: [0m Bob_Address_game1
[36mBoard Hash: [0m 7171555781321129731590343863966959210743929912730030629554698118236204286162
[36mSucessful hits: [0m 0
[36mTargeted shots: [0m
  Turn 1 --> [9,9] --> Missed
  Turn 3 --> [9,8] --> Missed
  Turn 5 --> [9,7] --> Missed
  Turn 7 --> [9,6] --> Missed
  Turn 9 --> [9,5] --> Missed
  Turn 11 --> [9,4] --> Missed
  Turn 13 --> [9,3] --> Missed
  Turn 15 --> [9,2] --> Missed
  Turn 17 --> [9,1] --> Missed
  Turn 19 --> [9,0] --> Missed
  Turn 21 --> [8,9] --> Missed
  Turn 23 --> [8,8] --> Missed
  Turn 25 --> [8,7] --> Missed
  Turn 27 --> [8,6] --> Missed
  Turn 29 --> [8,5] --> Missed
  Turn 31 --> [8,4] --> Missed
[36mNo Winner yet![0m
gameData:  {
  players: [ 'Alice_Address_game1', 'Bob_Address_game1' ],
  pubKeys: {
    Alice_Address_game1: [
      455666495564126126225426602615280781673044057926893491367184343863811438161n,
      11667603646335128997252628255106433596020575683411753815629126930663617942731n
    ],
    Bob_Address_game1: [
      13006555220722946880630735439535048079705424863951727749978212087809088836776n,
      5332659726575718496551614505897866153085837050507149675694218741234671577944n
    ]
  },
  sharedKeys: {
    Alice_Address_game1: '16094193091189049683951908544605320173270384805489978644798442485234352897294',
    Bob_Address_game1: '16094193091189049683951908544605320173270384805489978644798442485234352897294'
  },
  boards: [
    Uint8Array(32) [
       29, 246,  35,  23, 113,  39, 130, 185,
       66,  12, 137, 145,  60, 148, 243, 129,
       47,  14, 227, 240, 157, 121,  69,  56,
      233,  44, 223, 166, 244,  80, 213,  47
    ],
    Uint8Array(32) [
       89, 221,  80,  68, 103,  71, 100, 188,
      155,  41, 205,  20,  40, 102, 134, 139,
       98, 138,  55,  15, 130, 175, 143, 248,
      135, 254,  95, 118, 169, 106,  38,  23
    ]
  ],
  joinable: false,
  turns: 33,
  shots: {
    '0': [
      11929118138197653365560753837392905765502990102099301709977791489979295718496n,
      15644871831811142462847751470637172105694051725437326812241567722202676955292n,
      9971524193446526989155069337796877046399597603737121161615695167400327415110n,
      15650479330993864171917723208813590272998536384626984401076255150236130235853n
    ],
    '1': [
      11929118138197653365560753837392905765502990102099301709977791489979295718504n,
      15644871831811142462847751470637172105694051725437326812241567722202676955301n,
      9971524193446526989155069337796877046399597603737121161615695167400327415110n,
      14137066857093684917202596112618249079183879798764438419499236966543931002582n
    ],
    '2': [
      11929118138197653365560753837392905765502990102099301709977791489979295718497n,
      15644871831811142462847751470637172105694051725437326812241567722202676955292n,
      9971524193446526989155069337796877046399597603737121161615695167400327415110n,
      13707270113061498301612527173443347629003434934056521055776904373164495975108n
    ],
    '3': [
      11929118138197653365560753837392905765502990102099301709977791489979295718504n,
      15644871831811142462847751470637172105694051725437326812241567722202676955300n,
      9971524193446526989155069337796877046399597603737121161615695167400327415110n,
      20556561076033636056463473623213989776564343046868938040144944714903143234080n
    ],
    '4': [
      11929118138197653365560753837392905765502990102099301709977791489979295718498n,
      15644871831811142462847751470637172105694051725437326812241567722202676955292n,
      9971524193446526989155069337796877046399597603737121161615695167400327415110n,
      14346737236030985639503959563851520095678482200437465318638459815252916245839n
    ],
    '5': [
      11929118138197653365560753837392905765502990102099301709977791489979295718504n,
      15644871831811142462847751470637172105694051725437326812241567722202676955299n,
      9971524193446526989155069337796877046399597603737121161615695167400327415110n,
      20942980320199421563209482389285481591804352033772921697688181058407305270727n
    ],
    '6': [
      11929118138197653365560753837392905765502990102099301709977791489979295718499n,
      15644871831811142462847751470637172105694051725437326812241567722202676955292n,
      9971524193446526989155069337796877046399597603737121161615695167400327415110n,
      11289355362280958498299230221384172437187960318164231451962781431231300720369n
    ],
    '7': [
      11929118138197653365560753837392905765502990102099301709977791489979295718504n,
      15644871831811142462847751470637172105694051725437326812241567722202676955298n,
      9971524193446526989155069337796877046399597603737121161615695167400327415110n,
      3586978480821963379835159958121818937651236441843686654560366731293401357173n
    ],
    '8': [
      11929118138197653365560753837392905765502990102099301709977791489979295718500n,
      15644871831811142462847751470637172105694051725437326812241567722202676955292n,
      9971524193446526989155069337796877046399597603737121161615695167400327415110n,
      19071257637663872473603492318669636977001649763925645786017233906911691388783n
    ],
    '9': [
      11929118138197653365560753837392905765502990102099301709977791489979295718504n,
      15644871831811142462847751470637172105694051725437326812241567722202676955297n,
      9971524193446526989155069337796877046399597603737121161615695167400327415110n,
      21209873245186812539129483813148658696352009853135269535744042068165777634624n
    ],
    '10': [
      11929118138197653365560753837392905765502990102099301709977791489979295718496n,
      15644871831811142462847751470637172105694051725437326812241567722202676955293n,
      9971524193446526989155069337796877046399597603737121161615695167400327415110n,
      12175337909565537838153522642875098045813883121639873466428805135184631240425n
    ],
    '11': [
      11929118138197653365560753837392905765502990102099301709977791489979295718504n,
      15644871831811142462847751470637172105694051725437326812241567722202676955296n,
      9971524193446526989155069337796877046399597603737121161615695167400327415110n,
      3654336435400921776550799584731035322152738248301118594275254141045631106324n
    ],
    '12': [
      11929118138197653365560753837392905765502990102099301709977791489979295718497n,
      15644871831811142462847751470637172105694051725437326812241567722202676955293n,
      9971524193446526989155069337796877046399597603737121161615695167400327415110n,
      11926381657565523063818971451051849630885580602670275390017341569541131277165n
    ],
    '13': [
      11929118138197653365560753837392905765502990102099301709977791489979295718504n,
      15644871831811142462847751470637172105694051725437326812241567722202676955295n,
      9971524193446526989155069337796877046399597603737121161615695167400327415110n,
      1613213554950853014619125410717559864622261926562997602481672985697625288905n
    ],
    '14': [
      11929118138197653365560753837392905765502990102099301709977791489979295718498n,
      15644871831811142462847751470637172105694051725437326812241567722202676955293n,
      9971524193446526989155069337796877046399597603737121161615695167400327415110n,
      18998210256226088476183951367029727390548268137518691656236151372746031705873n
    ],
    '15': [
      11929118138197653365560753837392905765502990102099301709977791489979295718504n,
      15644871831811142462847751470637172105694051725437326812241567722202676955294n,
      9971524193446526989155069337796877046399597603737121161615695167400327415110n,
      4219119311342409867121012489106697620392892359571988853681955423535954991307n
    ],
    '16': [
      11929118138197653365560753837392905765502990102099301709977791489979295718499n,
      15644871831811142462847751470637172105694051725437326812241567722202676955293n,
      9971524193446526989155069337796877046399597603737121161615695167400327415110n,
      468358470461291797013827763350051956609525451304664407865344279047698317599n
    ],
    '17': [
      11929118138197653365560753837392905765502990102099301709977791489979295718504n,
      15644871831811142462847751470637172105694051725437326812241567722202676955293n,
      9971524193446526989155069337796877046399597603737121161615695167400327415110n,
      12670089211913587279194085217703512311104011278919032830992804565143326623324n
    ],
    '18': [
      11929118138197653365560753837392905765502990102099301709977791489979295718496n,
      15644871831811142462847751470637172105694051725437326812241567722202676955294n,
      9971524193446526989155069337796877046399597603737121161615695167400327415110n,
      18437461043646603067620113882597312602956823220368628400583466752645705042915n
    ],
    '19': [
      11929118138197653365560753837392905765502990102099301709977791489979295718504n,
      15644871831811142462847751470637172105694051725437326812241567722202676955292n,
      9971524193446526989155069337796877046399597603737121161615695167400327415110n,
      4743809188930496558275065556708064070130898149771293074986619969161908139954n
    ],
    '20': [
      11929118138197653365560753837392905765502990102099301709977791489979295718497n,
      15644871831811142462847751470637172105694051725437326812241567722202676955294n,
      9971524193446526989155069337796877046399597603737121161615695167400327415110n,
      17803486599615197010468808003749530654229473501798255517736208549967358776331n
    ],
    '21': [
      11929118138197653365560753837392905765502990102099301709977791489979295718503n,
      15644871831811142462847751470637172105694051725437326812241567722202676955301n,
      9971524193446526989155069337796877046399597603737121161615695167400327415110n,
      18274891436683864008709815502250561258817284725305969055970093841999781541497n
    ],
    '22': [
      11929118138197653365560753837392905765502990102099301709977791489979295718498n,
      15644871831811142462847751470637172105694051725437326812241567722202676955294n,
      9971524193446526989155069337796877046399597603737121161615695167400327415110n,
      11860936798365569816915454829885477108149434943439052708669544105914640023367n
    ],
    '23': [
      11929118138197653365560753837392905765502990102099301709977791489979295718503n,
      15644871831811142462847751470637172105694051725437326812241567722202676955300n,
      9971524193446526989155069337796877046399597603737121161615695167400327415110n,
      7096322088145333962308481515830439051824192393989748766632293828073391025303n
    ],
    '24': [
      11929118138197653365560753837392905765502990102099301709977791489979295718496n,
      15644871831811142462847751470637172105694051725437326812241567722202676955295n,
      9971524193446526989155069337796877046399597603737121161615695167400327415110n,
      8477832984695352290085235175329450076136596630713235085806738420187930598019n
    ],
    '25': [
      11929118138197653365560753837392905765502990102099301709977791489979295718503n,
      15644871831811142462847751470637172105694051725437326812241567722202676955299n,
      9971524193446526989155069337796877046399597603737121161615695167400327415110n,
      2225547762968066930368023605509471422413207823828661261061549873531285000591n
    ],
    '26': [
      11929118138197653365560753837392905765502990102099301709977791489979295718497n,
      15644871831811142462847751470637172105694051725437326812241567722202676955295n,
      9971524193446526989155069337796877046399597603737121161615695167400327415110n,
      14623672863449734321526060118057937323511701408214711440934224283385419068150n
    ],
    '27': [
      11929118138197653365560753837392905765502990102099301709977791489979295718503n,
      15644871831811142462847751470637172105694051725437326812241567722202676955298n,
      9971524193446526989155069337796877046399597603737121161615695167400327415110n,
      6939105787473671476535628070200983539651259869572842118420670658265821116610n
    ],
    '28': [
      11929118138197653365560753837392905765502990102099301709977791489979295718498n,
      15644871831811142462847751470637172105694051725437326812241567722202676955295n,
      9971524193446526989155069337796877046399597603737121161615695167400327415110n,
      9448210603560413676529693494848871338533540258001507483951017560925880110968n
    ],
    '29': [
      11929118138197653365560753837392905765502990102099301709977791489979295718503n,
      15644871831811142462847751470637172105694051725437326812241567722202676955297n,
      9971524193446526989155069337796877046399597603737121161615695167400327415110n,
      5714566604563081296412974827947138615017451575649631666388512361495881307653n
    ],
    '30': [
      11929118138197653365560753837392905765502990102099301709977791489979295718496n,
      15644871831811142462847751470637172105694051725437326812241567722202676955296n,
      9971524193446526989155069337796877046399597603737121161615695167400327415110n,
      14443912284338964380587881822260863222921274360217542145462702035797168575281n
    ],
    '31': [
      11929118138197653365560753837392905765502990102099301709977791489979295718503n,
      15644871831811142462847751470637172105694051725437326812241567722202676955296n,
      9971524193446526989155069337796877046399597603737121161615695167400327415110n,
      1181455045968563038700753063963864510175962263007573784404854720795604353554n
    ],
    '32': [
      11929118138197653365560753837392905765502990102099301709977791489979295718497n,
      15644871831811142462847751470637172105694051725437326812241567722202676955296n,
      9971524193446526989155069337796877046399597603737121161615695167400327415110n,
      2450956064883290077565328377429225453967306836338782425396405201338587623593n
    ]
  },
  hits: {
    '0': '1',
    '1': '0',
    '2': '1',
    '3': '0',
    '4': '1',
    '5': '0',
    '6': '1',
    '7': '0',
    '8': '1',
    '9': '0',
    '10': '1',
    '11': '0',
    '12': '1',
    '13': '0',
    '14': '1',
    '15': '0',
    '16': '1',
    '17': '0',
    '18': '1',
    '19': '0',
    '20': '1',
    '21': '0',
    '22': '1',
    '23': '0',
    '24': '1',
    '25': '0',
    '26': '1',
    '27': '0',
    '28': '1',
    '29': '0',
    '30': '1',
    '31': '0',
    '32': '1'
  },
  hitNonce: [ 17, 0 ],
  winner: 'Alice_Address_game1'
}
    ✔ Alice wins on sinking all of Bob's ships (739ms)
[35m
Player1 is the host![0m
[36mTurn number: [0m 33
[36mAddress: [0m Alice_Address_game1
[36mBoard Hash: [0m 21397611925091079319433835580493802602397988109650205378204323988216818938530
[36mSucessful hits: [0m 17
[36mTargeted shots: [0m
  Turn 0 --> [1,0] --> Hit
  Turn 2 --> [2,0] --> Hit
  Turn 4 --> [3,0] --> Hit
  Turn 6 --> [4,0] --> Hit
  Turn 8 --> [5,0] --> Hit
  Turn 10 --> [1,1] --> Hit
  Turn 12 --> [2,1] --> Hit
  Turn 14 --> [3,1] --> Hit
  Turn 16 --> [4,1] --> Hit
  Turn 18 --> [1,2] --> Hit
  Turn 20 --> [2,2] --> Hit
  Turn 22 --> [3,2] --> Hit
  Turn 24 --> [1,3] --> Hit
  Turn 26 --> [2,3] --> Hit
  Turn 28 --> [3,3] --> Hit
  Turn 30 --> [1,4] --> Hit
  Turn 32 --> [2,4] --> Hit
[36mWinner: [0m Alice_Address_game1
    ✔ finalize game (46ms)


  7 passing (27s)

